mode: set
einsatzplaner/einsatzplan/domain/model.go:102.32,103.43 1 1
einsatzplaner/einsatzplan/domain/model.go:103.43,106.33 3 1
einsatzplaner/einsatzplan/domain/model.go:106.33,108.16 2 1
einsatzplaner/einsatzplan/domain/model.go:108.16,110.5 1 1
einsatzplaner/einsatzplan/domain/model.go:113.2,113.10 1 1
einsatzplaner/einsatzplan/domain/model.go:117.33,119.2 1 1
einsatzplaner/einsatzplan/domain/parse.go:10.46,12.21 2 1
einsatzplaner/einsatzplan/domain/parse.go:12.21,14.3 1 1
einsatzplaner/einsatzplan/domain/parse.go:15.2,17.32 3 1
einsatzplaner/einsatzplan/domain/parse.go:17.32,19.3 1 0
einsatzplaner/einsatzplan/domain/parse.go:20.2,20.19 1 1
einsatzplaner/einsatzplan/domain/stats.go:43.36,44.15 1 1
einsatzplaner/einsatzplan/domain/stats.go:44.15,46.3 1 1
einsatzplaner/einsatzplan/domain/stats.go:47.2,47.15 1 1
einsatzplaner/einsatzplan/domain/stats.go:47.15,49.3 1 1
einsatzplaner/einsatzplan/domain/stats.go:50.2,50.17 1 1
einsatzplaner/einsatzplan/domain/stats.go:54.52,56.27 2 1
einsatzplaner/einsatzplan/domain/stats.go:56.27,57.17 1 1
einsatzplaner/einsatzplan/domain/stats.go:57.17,58.12 1 1
einsatzplaner/einsatzplan/domain/stats.go:60.3,61.45 2 1
einsatzplaner/einsatzplan/domain/stats.go:61.45,63.4 1 1
einsatzplaner/einsatzplan/domain/stats.go:65.2,65.10 1 1
einsatzplaner/einsatzplan/domain/stats.go:69.65,71.27 2 1
einsatzplaner/einsatzplan/domain/stats.go:71.27,73.35 2 1
einsatzplaner/einsatzplan/domain/stats.go:73.35,75.4 1 1
einsatzplaner/einsatzplan/domain/stats.go:76.3,76.36 1 1
einsatzplaner/einsatzplan/domain/stats.go:78.2,78.12 1 1
einsatzplaner/einsatzplan/domain/stats.go:83.75,85.27 2 1
einsatzplaner/einsatzplan/domain/stats.go:85.27,86.17 1 1
einsatzplaner/einsatzplan/domain/stats.go:86.17,87.12 1 1
einsatzplaner/einsatzplan/domain/stats.go:89.3,95.34 5 1
einsatzplaner/einsatzplan/domain/stats.go:95.34,97.4 1 1
einsatzplaner/einsatzplan/domain/stats.go:97.9,100.4 2 1
einsatzplaner/einsatzplan/domain/stats.go:101.3,105.38 5 1
einsatzplaner/einsatzplan/domain/stats.go:105.38,106.24 1 1
einsatzplaner/einsatzplan/domain/stats.go:106.24,109.5 2 1
einsatzplaner/einsatzplan/domain/stats.go:111.3,111.33 1 1
einsatzplaner/einsatzplan/domain/stats.go:111.33,113.4 1 1
einsatzplaner/einsatzplan/domain/stats.go:115.2,115.21 1 1
einsatzplaner/einsatzplan/domain/stats.go:115.21,117.3 1 1
einsatzplaner/einsatzplan/domain/stats.go:117.8,119.3 1 0
einsatzplaner/einsatzplan/domain/stats.go:120.2,120.10 1 1
einsatzplaner/einsatzplan/domain/stats.go:124.70,127.25 3 1
einsatzplaner/einsatzplan/domain/stats.go:127.25,130.3 2 1
einsatzplaner/einsatzplan/domain/stats.go:132.2,132.27 1 1
einsatzplaner/einsatzplan/domain/stats.go:132.27,133.17 1 1
einsatzplaner/einsatzplan/domain/stats.go:133.17,134.12 1 0
einsatzplaner/einsatzplan/domain/stats.go:136.3,139.38 4 1
einsatzplaner/einsatzplan/domain/stats.go:139.38,141.11 2 1
einsatzplaner/einsatzplan/domain/stats.go:141.11,142.13 1 0
einsatzplaner/einsatzplan/domain/stats.go:144.4,144.21 1 1
einsatzplaner/einsatzplan/domain/stats.go:144.21,146.5 1 1
einsatzplaner/einsatzplan/domain/stats.go:146.10,148.5 1 1
einsatzplaner/einsatzplan/domain/stats.go:149.4,150.25 2 1
einsatzplaner/einsatzplan/domain/stats.go:154.2,154.21 1 1
einsatzplaner/einsatzplan/domain/stats.go:154.21,156.3 1 1
einsatzplaner/einsatzplan/domain/stats.go:157.2,157.49 1 1
einsatzplaner/einsatzplan/domain/stats.go:157.49,157.89 1 1
einsatzplaner/einsatzplan/domain/stats.go:158.2,158.12 1 1
einsatzplaner/einsatzplan/domain/stats.go:163.45,166.18 3 1
einsatzplaner/einsatzplan/domain/stats.go:166.18,168.3 1 1
einsatzplaner/einsatzplan/domain/stats.go:169.2,170.14 2 1
einsatzplaner/einsatzplan/domain/stats.go:170.14,172.3 1 0
einsatzplaner/einsatzplan/domain/stats.go:173.2,173.13 1 1
einsatzplaner/einsatzplan/domain/validation.go:25.48,26.28 1 1
einsatzplaner/einsatzplan/domain/validation.go:26.28,28.3 1 1
einsatzplaner/einsatzplan/domain/validation.go:29.2,29.25 1 1
einsatzplaner/einsatzplan/domain/validation.go:32.38,33.11 1 1
einsatzplaner/einsatzplan/domain/validation.go:34.62,35.14 1 1
einsatzplaner/einsatzplan/domain/validation.go:37.2,37.14 1 1
einsatzplaner/einsatzplan/domain/validation.go:43.49,44.32 1 1
einsatzplaner/einsatzplan/domain/validation.go:44.32,46.3 1 1
einsatzplaner/einsatzplan/domain/validation.go:47.2,47.17 1 1
einsatzplaner/einsatzplan/domain/validation.go:47.17,49.3 1 1
einsatzplaner/einsatzplan/domain/validation.go:50.2,50.19 1 1
einsatzplaner/einsatzplan/domain/validation.go:50.19,52.3 1 1
einsatzplaner/einsatzplan/domain/validation.go:53.2,53.27 1 1
einsatzplaner/einsatzplan/domain/validation.go:53.27,55.3 1 1
einsatzplaner/einsatzplan/domain/validation.go:56.2,56.35 1 1
einsatzplaner/einsatzplan/domain/validation.go:56.35,59.20 3 1
einsatzplaner/einsatzplan/domain/validation.go:59.20,61.4 1 1
einsatzplaner/einsatzplan/domain/validation.go:62.3,62.23 1 1
einsatzplaner/einsatzplan/domain/validation.go:62.23,63.32 1 1
einsatzplaner/einsatzplan/domain/validation.go:63.32,65.5 1 0
einsatzplaner/einsatzplan/domain/validation.go:66.4,67.22 2 1
einsatzplaner/einsatzplan/domain/validation.go:67.22,69.5 1 1
einsatzplaner/einsatzplan/domain/validation.go:71.8,72.51 1 1
einsatzplaner/einsatzplan/domain/validation.go:72.51,74.4 1 0
einsatzplaner/einsatzplan/domain/validation.go:76.2,76.46 1 1
einsatzplaner/einsatzplan/domain/validation.go:76.46,78.3 1 1
einsatzplaner/einsatzplan/domain/validation.go:79.2,79.26 1 1
einsatzplaner/einsatzplan/domain/validation.go:79.26,81.3 1 1
einsatzplaner/einsatzplan/domain/validation.go:82.2,82.52 1 1
einsatzplaner/einsatzplan/domain/validation.go:82.52,84.3 1 1
einsatzplaner/einsatzplan/domain/validation.go:85.2,85.48 1 1
einsatzplaner/einsatzplan/domain/validation.go:85.48,87.3 1 1
einsatzplaner/einsatzplan/domain/validation.go:88.2,88.42 1 1
einsatzplaner/einsatzplan/domain/validation.go:88.42,91.27 3 1
einsatzplaner/einsatzplan/domain/validation.go:91.27,93.4 1 1
einsatzplaner/einsatzplan/domain/validation.go:95.2,95.24 1 1
einsatzplaner/einsatzplan/domain/validation.go:95.24,96.33 1 1
einsatzplaner/einsatzplan/domain/validation.go:96.33,98.4 1 1
einsatzplaner/einsatzplan/domain/validation.go:100.3,100.72 1 1
einsatzplaner/einsatzplan/domain/validation.go:100.72,102.4 1 1
einsatzplaner/einsatzplan/domain/validation.go:104.2,104.27 1 1
einsatzplaner/einsatzplan/domain/validation.go:104.27,105.36 1 1
einsatzplaner/einsatzplan/domain/validation.go:105.36,107.4 1 1
einsatzplaner/einsatzplan/domain/validation.go:109.3,109.71 1 1
einsatzplaner/einsatzplan/domain/validation.go:109.71,111.4 1 1
einsatzplaner/einsatzplan/domain/validation.go:113.2,113.12 1 1
einsatzplaner/einsatzplan/domain/validation.go:118.31,120.9 2 1
einsatzplaner/einsatzplan/domain/validation.go:120.9,122.3 1 0
einsatzplaner/einsatzplan/domain/validation.go:123.2,123.17 1 1
einsatzplaner/einsatzplan/domain/validation.go:127.45,128.37 1 1
einsatzplaner/einsatzplan/domain/validation.go:128.37,130.3 1 1
einsatzplaner/einsatzplan/domain/validation.go:131.2,131.48 1 1
einsatzplaner/einsatzplan/domain/validation.go:131.48,133.3 1 1
einsatzplaner/einsatzplan/domain/validation.go:134.2,134.12 1 1
einsatzplaner/einsatzplan/domain/validation.go:138.33,141.2 2 1
einsatzplaner/einsatzplan/domain/validation.go:144.33,147.2 2 1
einsatzplaner/einsatzplan/domain/validation.go:150.37,152.2 1 1
einsatzplaner/einsatzplan/domain/validation.go:157.37,158.32 1 1
einsatzplaner/einsatzplan/domain/validation.go:158.32,160.3 1 1
einsatzplaner/einsatzplan/domain/validation.go:161.2,162.38 2 1
einsatzplaner/einsatzplan/domain/validation.go:162.38,164.3 1 0
einsatzplaner/einsatzplan/domain/validation.go:165.2,165.25 1 1
einsatzplaner/einsatzplan/domain/validation.go:165.25,166.84 1 1
einsatzplaner/einsatzplan/domain/validation.go:166.84,168.4 1 0
einsatzplaner/einsatzplan/domain/validation.go:170.2,170.13 1 1
einsatzplaner/einsatzplan/storage/cloudconfig.go:18.40,20.16 2 0
einsatzplaner/einsatzplan/storage/cloudconfig.go:20.16,22.3 1 0
einsatzplaner/einsatzplan/storage/cloudconfig.go:23.2,23.61 1 0
einsatzplaner/einsatzplan/storage/cloudconfig.go:28.46,30.16 2 0
einsatzplaner/einsatzplan/storage/cloudconfig.go:30.16,32.3 1 0
einsatzplaner/einsatzplan/storage/cloudconfig.go:33.2,34.24 2 0
einsatzplaner/einsatzplan/storage/cloudconfig.go:34.24,36.3 1 0
einsatzplaner/einsatzplan/storage/cloudconfig.go:37.2,37.16 1 0
einsatzplaner/einsatzplan/storage/cloudconfig.go:37.16,39.3 1 0
einsatzplaner/einsatzplan/storage/cloudconfig.go:40.2,41.51 2 0
einsatzplaner/einsatzplan/storage/cloudconfig.go:41.51,43.3 1 0
einsatzplaner/einsatzplan/storage/cloudconfig.go:44.2,44.18 1 0
einsatzplaner/einsatzplan/storage/cloudconfig.go:48.46,50.16 2 0
einsatzplaner/einsatzplan/storage/cloudconfig.go:50.16,52.3 1 0
einsatzplaner/einsatzplan/storage/cloudconfig.go:53.2,53.59 1 0
einsatzplaner/einsatzplan/storage/cloudconfig.go:53.59,55.3 1 0
einsatzplaner/einsatzplan/storage/cloudconfig.go:56.2,57.16 2 0
einsatzplaner/einsatzplan/storage/cloudconfig.go:57.16,59.3 1 0
einsatzplaner/einsatzplan/storage/cloudconfig.go:60.2,61.16 2 0
einsatzplaner/einsatzplan/storage/cloudconfig.go:61.16,63.3 1 0
einsatzplaner/einsatzplan/storage/cloudconfig.go:64.2,65.43 2 0
einsatzplaner/einsatzplan/storage/cloudconfig.go:65.43,69.3 3 0
einsatzplaner/einsatzplan/storage/cloudconfig.go:70.2,70.36 1 0
einsatzplaner/einsatzplan/storage/cloudconfig.go:70.36,73.3 2 0
einsatzplaner/einsatzplan/storage/cloudconfig.go:74.2,74.48 1 0
einsatzplaner/einsatzplan/storage/cloudconfig.go:74.48,77.3 2 0
einsatzplaner/einsatzplan/storage/cloudconfig.go:78.2,78.46 1 0
einsatzplaner/einsatzplan/storage/cloudconfig.go:78.46,81.3 2 0
einsatzplaner/einsatzplan/storage/cloudconfig.go:82.2,82.12 1 0
einsatzplaner/einsatzplan/storage/cloudconfig.go:86.25,87.45 1 0
einsatzplaner/einsatzplan/storage/cloudconfig.go:87.45,89.3 1 0
einsatzplaner/einsatzplan/storage/store.go:24.65,26.16 2 1
einsatzplaner/einsatzplan/storage/store.go:26.16,28.3 1 1
einsatzplaner/einsatzplan/storage/store.go:29.2,30.52 2 1
einsatzplaner/einsatzplan/storage/store.go:30.52,32.3 1 1
einsatzplaner/einsatzplan/storage/store.go:33.2,34.19 2 1
einsatzplaner/einsatzplan/storage/store.go:37.68,39.16 2 1
einsatzplaner/einsatzplan/storage/store.go:39.16,41.3 1 0
einsatzplaner/einsatzplan/storage/store.go:44.2,45.16 2 1
einsatzplaner/einsatzplan/storage/store.go:45.16,47.3 1 0
einsatzplaner/einsatzplan/storage/store.go:48.2,49.43 2 1
einsatzplaner/einsatzplan/storage/store.go:49.43,53.3 3 0
einsatzplaner/einsatzplan/storage/store.go:54.2,54.36 1 1
einsatzplaner/einsatzplan/storage/store.go:54.36,57.3 2 0
einsatzplaner/einsatzplan/storage/store.go:59.2,59.48 1 1
einsatzplaner/einsatzplan/storage/store.go:59.48,62.3 2 0
einsatzplaner/einsatzplan/storage/store.go:63.2,63.49 1 1
einsatzplaner/einsatzplan/storage/store.go:63.49,66.3 2 0
einsatzplaner/einsatzplan/storage/store.go:67.2,67.12 1 1
einsatzplaner/einsatzplan/storage/store.go:75.30,75.87 1 1
einsatzplaner/einsatzplan/storage/store.go:77.64,79.9 2 1
einsatzplaner/einsatzplan/storage/store.go:79.9,81.3 1 1
einsatzplaner/einsatzplan/storage/store.go:83.2,84.19 2 1
einsatzplaner/einsatzplan/storage/store.go:87.67,90.2 2 1
einsatzplaner/einsatzplan/storage/store.go:93.45,95.27 2 1
einsatzplaner/einsatzplan/storage/store.go:95.27,97.3 1 1
einsatzplaner/einsatzplan/storage/store.go:98.2,111.3 1 1
einsatzplaner/einsatzplan/storage/store.go:115.39,116.24 1 1
einsatzplaner/einsatzplan/storage/store.go:116.24,118.3 1 1
einsatzplaner/einsatzplan/storage/store.go:119.2,119.27 1 1
einsatzplaner/einsatzplan/storage/store.go:119.27,120.28 1 1
einsatzplaner/einsatzplan/storage/store.go:120.28,122.4 1 1
einsatzplaner/einsatzplan/storage/store.go:123.3,123.35 1 1
einsatzplaner/einsatzplan/storage/store.go:123.35,125.4 1 1
einsatzplaner/einsatzplan/storage/store.go:127.2,127.22 1 1
einsatzplaner/einsatzplan/storage/store.go:127.22,129.3 1 1
einsatzplaner/einsatzplan/storage/store.go:133.2,133.27 1 1
einsatzplaner/einsatzplan/storage/store.go:133.27,135.3 1 1
einsatzplaner/einsatzplan/storage/store.go:136.2,136.29 1 1
einsatzplaner/einsatzplan/storage/store.go:136.29,138.3 1 1
einsatzplaner/einsatzplan/storage/store.go:139.2,139.36 1 1
einsatzplaner/einsatzplan/storage/store.go:139.36,141.3 1 1
einsatzplaner/einsatzplan/storage/store.go:142.2,142.39 1 1
einsatzplaner/einsatzplan/storage/store.go:142.39,144.3 1 1
einsatzplaner/einsatzplan/storage/store.go:147.52,149.16 2 1
einsatzplaner/einsatzplan/storage/store.go:149.16,150.52 1 0
einsatzplaner/einsatzplan/storage/store.go:152.2,153.51 2 1
einsatzplaner/einsatzplan/storage/store.go:153.51,154.54 1 0
einsatzplaner/einsatzplan/storage/store.go:156.2,157.13 2 1
einsatzplaner/einsatzplan/storage/store.go:162.52,164.2 1 0
einsatzplaner/einsatzplan/service/export.go:15.25,17.35 2 1
einsatzplaner/einsatzplan/service/export.go:17.35,19.3 1 1
einsatzplaner/einsatzplan/service/export.go:20.2,20.13 1 0
einsatzplaner/einsatzplan/service/export.go:30.101,32.31 2 1
einsatzplaner/einsatzplan/service/export.go:32.31,34.3 1 1
einsatzplaner/einsatzplan/service/export.go:36.2,37.30 2 1
einsatzplaner/einsatzplan/service/export.go:37.30,39.3 1 1
einsatzplaner/einsatzplan/service/export.go:41.2,49.34 8 1
einsatzplaner/einsatzplan/service/export.go:49.34,51.3 1 1
einsatzplaner/einsatzplan/service/export.go:52.2,54.39 2 1
einsatzplaner/einsatzplan/service/export.go:54.39,56.16 2 1
einsatzplaner/einsatzplan/service/export.go:56.16,57.12 1 0
einsatzplaner/einsatzplan/service/export.go:59.3,59.32 1 1
einsatzplaner/einsatzplan/service/export.go:59.32,60.19 1 1
einsatzplaner/einsatzplan/service/export.go:60.19,61.13 1 1
einsatzplaner/einsatzplan/service/export.go:63.4,63.19 1 1
einsatzplaner/einsatzplan/service/export.go:63.19,65.41 2 1
einsatzplaner/einsatzplan/service/export.go:65.41,66.23 1 1
einsatzplaner/einsatzplan/service/export.go:66.23,68.12 2 1
einsatzplaner/einsatzplan/service/export.go:71.5,71.17 1 1
einsatzplaner/einsatzplan/service/export.go:71.17,72.14 1 1
einsatzplaner/einsatzplan/service/export.go:76.4,77.18 2 1
einsatzplaner/einsatzplan/service/export.go:77.18,78.13 1 0
einsatzplaner/einsatzplan/service/export.go:81.4,84.21 3 1
einsatzplaner/einsatzplan/service/export.go:84.21,86.5 1 1
einsatzplaner/einsatzplan/service/export.go:88.4,93.57 6 1
einsatzplaner/einsatzplan/service/export.go:93.57,95.5 1 1
einsatzplaner/einsatzplan/service/export.go:96.4,96.25 1 1
einsatzplaner/einsatzplan/service/export.go:96.25,98.5 1 0
einsatzplaner/einsatzplan/service/export.go:99.4,99.36 1 1
einsatzplaner/einsatzplan/service/export.go:102.2,103.20 2 1
einsatzplaner/einsatzplan/service/export.go:109.100,113.22 3 1
einsatzplaner/einsatzplan/service/export.go:113.22,114.65 1 1
einsatzplaner/einsatzplan/service/export.go:114.65,116.4 1 1
einsatzplaner/einsatzplan/service/export.go:119.2,119.42 1 1
einsatzplaner/einsatzplan/service/export.go:119.42,122.18 3 1
einsatzplaner/einsatzplan/service/export.go:122.18,123.26 1 1
einsatzplaner/einsatzplan/service/export.go:123.26,125.5 1 0
einsatzplaner/einsatzplan/service/export.go:126.4,126.29 1 1
einsatzplaner/einsatzplan/service/export.go:126.29,128.5 1 0
einsatzplaner/einsatzplan/service/export.go:130.3,132.33 3 1
einsatzplaner/einsatzplan/service/export.go:132.33,139.4 3 1
einsatzplaner/einsatzplan/service/export.go:143.2,144.68 1 1
einsatzplaner/einsatzplan/service/export.go:151.46,153.16 2 1
einsatzplaner/einsatzplan/service/export.go:153.16,156.3 2 0
einsatzplaner/einsatzplan/service/export.go:161.2,172.20 6 1
einsatzplaner/einsatzplan/service/export.go:172.20,175.47 3 1
einsatzplaner/einsatzplan/service/export.go:175.47,178.4 2 0
einsatzplaner/einsatzplan/service/export.go:181.2,181.37 1 1
einsatzplaner/einsatzplan/service/export.go:181.37,183.15 2 1
einsatzplaner/einsatzplan/service/export.go:183.15,186.4 2 0
einsatzplaner/einsatzplan/service/export.go:187.3,187.68 1 1
einsatzplaner/einsatzplan/service/export.go:190.2,199.27 5 1
einsatzplaner/einsatzplan/service/export.go:199.27,205.3 5 1
einsatzplaner/einsatzplan/service/export.go:205.8,209.34 3 0
einsatzplaner/einsatzplan/service/export.go:209.34,211.13 2 0
einsatzplaner/einsatzplan/service/export.go:211.13,213.5 1 0
einsatzplaner/einsatzplan/service/export.go:213.10,215.5 1 0
einsatzplaner/einsatzplan/service/export.go:216.4,222.13 6 0
einsatzplaner/einsatzplan/service/export.go:222.13,224.5 1 0
einsatzplaner/einsatzplan/service/export.go:224.10,226.5 1 0
einsatzplaner/einsatzplan/service/export.go:227.4,227.23 1 0
einsatzplaner/einsatzplan/service/export.go:231.2,232.20 2 1
einsatzplaner/einsatzplan/service/export.go:237.85,240.38 3 1
einsatzplaner/einsatzplan/service/export.go:240.38,241.32 1 1
einsatzplaner/einsatzplan/service/export.go:241.32,243.4 1 1
einsatzplaner/einsatzplan/service/export.go:245.2,245.20 1 1
einsatzplaner/einsatzplan/service/export.go:245.20,247.3 1 1
einsatzplaner/einsatzplan/service/export.go:248.2,248.22 1 1
einsatzplaner/einsatzplan/service/export.go:248.22,250.3 1 1
einsatzplaner/einsatzplan/service/export.go:251.2,251.34 1 1
einsatzplaner/einsatzplan/service/export.go:255.34,261.2 5 1
einsatzplaner/einsatzplan/service/export.go:265.35,267.22 2 1
einsatzplaner/einsatzplan/service/export.go:267.22,269.3 1 1
einsatzplaner/einsatzplan/service/export.go:270.2,271.33 2 1
einsatzplaner/einsatzplan/service/export.go:271.33,273.12 2 1
einsatzplaner/einsatzplan/service/export.go:273.12,275.4 1 1
einsatzplaner/einsatzplan/service/export.go:276.3,276.24 1 1
einsatzplaner/einsatzplan/service/export.go:276.24,278.4 1 1
einsatzplaner/einsatzplan/service/export.go:280.3,280.66 1 1
einsatzplaner/einsatzplan/service/export.go:280.66,282.4 1 0
einsatzplaner/einsatzplan/service/export.go:283.3,283.12 1 1
einsatzplaner/einsatzplan/service/export.go:283.12,285.4 1 1
einsatzplaner/einsatzplan/service/export.go:286.3,288.22 3 1
einsatzplaner/einsatzplan/service/export.go:290.2,290.20 1 1
einsatzplaner/einsatzplan/service/helpers.go:13.26,15.40 2 1
einsatzplaner/einsatzplan/service/helpers.go:15.40,16.63 1 0
einsatzplaner/einsatzplan/service/helpers.go:18.2,18.29 1 1
einsatzplaner/einsatzplan/service/helpers.go:22.25,24.2 1 1
einsatzplaner/einsatzplan/service/helpers.go:27.72,29.44 2 1
einsatzplaner/einsatzplan/service/helpers.go:29.44,31.3 1 1
einsatzplaner/einsatzplan/service/planner.go:60.115,62.2 1 1
einsatzplaner/einsatzplan/service/planner.go:65.47,65.64 1 0
einsatzplaner/einsatzplan/service/planner.go:68.46,68.66 1 0
einsatzplaner/einsatzplan/service/planner.go:73.50,74.73 1 0
einsatzplaner/einsatzplan/service/planner.go:74.73,76.3 1 0
einsatzplaner/einsatzplan/service/planner.go:77.2,81.16 4 0
einsatzplaner/einsatzplan/service/planner.go:81.16,83.3 1 0
einsatzplaner/einsatzplan/service/planner.go:84.2,87.16 4 0
einsatzplaner/einsatzplan/service/planner.go:87.16,89.3 1 0
einsatzplaner/einsatzplan/service/planner.go:90.2,91.38 2 0
einsatzplaner/einsatzplan/service/planner.go:91.38,93.3 1 0
einsatzplaner/einsatzplan/service/planner.go:94.2,97.93 2 0
einsatzplaner/einsatzplan/service/planner.go:97.93,99.3 1 0
einsatzplaner/einsatzplan/service/planner.go:100.2,100.87 1 0
einsatzplaner/einsatzplan/service/planner.go:100.87,102.3 1 0
einsatzplaner/einsatzplan/service/planner.go:103.2,103.11 1 0
einsatzplaner/einsatzplan/service/planner.go:107.46,109.2 1 0
einsatzplaner/einsatzplan/service/planner.go:115.94,119.16 3 0
einsatzplaner/einsatzplan/service/planner.go:119.16,121.3 1 0
einsatzplaner/einsatzplan/service/planner.go:122.2,122.16 1 0
einsatzplaner/einsatzplan/service/planner.go:122.16,124.3 1 0
einsatzplaner/einsatzplan/service/planner.go:125.2,130.46 6 0
einsatzplaner/einsatzplan/service/planner.go:130.46,132.3 1 0
einsatzplaner/einsatzplan/service/planner.go:133.2,134.38 2 0
einsatzplaner/einsatzplan/service/planner.go:139.80,140.18 1 0
einsatzplaner/einsatzplan/service/planner.go:140.18,142.3 1 0
einsatzplaner/einsatzplan/service/planner.go:143.2,146.18 2 0
einsatzplaner/einsatzplan/service/planner.go:146.18,148.3 1 0
einsatzplaner/einsatzplan/service/planner.go:149.2,149.39 1 0
einsatzplaner/einsatzplan/service/planner.go:156.147,158.16 2 0
einsatzplaner/einsatzplan/service/planner.go:158.16,160.3 1 0
einsatzplaner/einsatzplan/service/planner.go:162.2,165.16 3 0
einsatzplaner/einsatzplan/service/planner.go:165.16,167.3 1 0
einsatzplaner/einsatzplan/service/planner.go:168.2,168.16 1 0
einsatzplaner/einsatzplan/service/planner.go:168.16,170.3 1 0
einsatzplaner/einsatzplan/service/planner.go:171.2,176.46 6 0
einsatzplaner/einsatzplan/service/planner.go:176.46,178.3 1 0
einsatzplaner/einsatzplan/service/planner.go:179.2,180.38 2 0
einsatzplaner/einsatzplan/service/planner.go:186.93,192.19 5 1
einsatzplaner/einsatzplan/service/planner.go:192.19,194.3 1 1
einsatzplaner/einsatzplan/service/planner.go:195.2,195.13 1 1
einsatzplaner/einsatzplan/service/planner.go:200.66,202.39 2 1
einsatzplaner/einsatzplan/service/planner.go:202.39,205.35 3 1
einsatzplaner/einsatzplan/service/planner.go:205.35,206.12 1 0
einsatzplaner/einsatzplan/service/planner.go:208.3,208.35 1 1
einsatzplaner/einsatzplan/service/planner.go:208.35,211.25 2 1
einsatzplaner/einsatzplan/service/planner.go:211.25,213.5 1 1
einsatzplaner/einsatzplan/service/planner.go:214.4,214.28 1 1
einsatzplaner/einsatzplan/service/planner.go:214.28,216.5 1 1
einsatzplaner/einsatzplan/service/planner.go:219.4,219.31 1 1
einsatzplaner/einsatzplan/service/planner.go:219.31,221.5 1 0
einsatzplaner/einsatzplan/service/planner.go:222.4,223.43 2 1
einsatzplaner/einsatzplan/service/planner.go:229.82,230.18 1 0
einsatzplaner/einsatzplan/service/planner.go:230.18,232.3 1 0
einsatzplaner/einsatzplan/service/planner.go:233.2,236.18 2 0
einsatzplaner/einsatzplan/service/planner.go:236.18,238.3 1 0
einsatzplaner/einsatzplan/service/planner.go:239.2,240.30 2 0
einsatzplaner/einsatzplan/service/planner.go:240.30,242.3 1 0
einsatzplaner/einsatzplan/service/planner.go:243.2,245.34 3 0
einsatzplaner/einsatzplan/service/planner.go:249.97,253.2 3 1
einsatzplaner/einsatzplan/service/planner.go:258.62,260.19 2 0
einsatzplaner/einsatzplan/service/planner.go:260.19,263.3 2 0
einsatzplaner/einsatzplan/service/planner.go:264.2,264.18 1 0
einsatzplaner/einsatzplan/service/planner.go:264.18,266.47 1 0
einsatzplaner/einsatzplan/service/planner.go:266.47,267.43 1 0
einsatzplaner/einsatzplan/service/planner.go:267.43,270.5 2 0
einsatzplaner/einsatzplan/service/planner.go:273.3,276.17 4 0
einsatzplaner/einsatzplan/service/planner.go:276.17,279.50 2 0
einsatzplaner/einsatzplan/service/planner.go:279.50,281.5 1 0
einsatzplaner/einsatzplan/service/planner.go:282.9,284.4 1 0
einsatzplaner/einsatzplan/service/planner.go:285.3,286.13 2 0
einsatzplaner/einsatzplan/service/planner.go:289.2,293.30 5 0
einsatzplaner/einsatzplan/service/planner.go:293.30,295.3 1 0
einsatzplaner/einsatzplan/service/planner.go:296.2,299.46 4 0
einsatzplaner/einsatzplan/service/planner.go:299.46,301.3 1 0
einsatzplaner/einsatzplan/service/planner.go:302.2,304.12 3 0
einsatzplaner/einsatzplan/service/planner.go:309.72,311.19 2 0
einsatzplaner/einsatzplan/service/planner.go:311.19,314.3 2 0
einsatzplaner/einsatzplan/service/planner.go:315.2,315.18 1 0
einsatzplaner/einsatzplan/service/planner.go:315.18,318.3 2 0
einsatzplaner/einsatzplan/service/planner.go:320.2,323.16 4 0
einsatzplaner/einsatzplan/service/planner.go:323.16,325.49 2 0
einsatzplaner/einsatzplan/service/planner.go:325.49,327.4 1 0
einsatzplaner/einsatzplan/service/planner.go:328.8,330.3 1 0
einsatzplaner/einsatzplan/service/planner.go:331.2,332.12 2 0
einsatzplaner/einsatzplan/service/planner.go:337.74,339.19 2 0
einsatzplaner/einsatzplan/service/planner.go:339.19,342.3 2 0
einsatzplaner/einsatzplan/service/planner.go:343.2,347.30 5 0
einsatzplaner/einsatzplan/service/planner.go:347.30,349.3 1 0
einsatzplaner/einsatzplan/service/planner.go:350.2,353.46 4 0
einsatzplaner/einsatzplan/service/planner.go:353.46,355.3 1 0
einsatzplaner/einsatzplan/service/planner.go:356.2,358.18 3 0
einsatzplaner/einsatzplan/service/planner.go:363.71,366.18 3 0
einsatzplaner/einsatzplan/service/planner.go:366.18,368.3 1 0
einsatzplaner/einsatzplan/service/planner.go:369.2,369.30 1 0
einsatzplaner/einsatzplan/service/planner.go:373.72,376.19 3 1
einsatzplaner/einsatzplan/service/planner.go:376.19,378.3 1 1
einsatzplaner/einsatzplan/service/planner.go:379.2,379.33 1 1
einsatzplaner/einsatzplan/service/planner.go:383.60,387.2 3 1
einsatzplaner/einsatzplan/service/planner.go:390.69,393.26 3 0
einsatzplaner/einsatzplan/service/planner.go:393.26,394.39 1 0
einsatzplaner/einsatzplan/service/planner.go:394.39,396.4 1 0
einsatzplaner/einsatzplan/service/planner.go:398.2,398.12 1 0
einsatzplaner/einsatzplan/service/planner.go:403.72,404.16 1 0
einsatzplaner/einsatzplan/service/planner.go:404.16,406.3 1 0
einsatzplaner/einsatzplan/service/planner.go:407.2,409.24 3 0
einsatzplaner/einsatzplan/service/planner.go:415.88,418.77 3 1
einsatzplaner/einsatzplan/service/planner.go:418.77,420.3 1 1
einsatzplaner/einsatzplan/service/planner.go:421.2,421.50 1 1
einsatzplaner/einsatzplan/service/planner.go:425.93,428.19 3 1
einsatzplaner/einsatzplan/service/planner.go:428.19,430.3 1 1
einsatzplaner/einsatzplan/service/planner.go:431.2,431.45 1 1
einsatzplaner/einsatzplan/service/planner.go:436.88,439.19 3 1
einsatzplaner/einsatzplan/service/planner.go:439.19,441.3 1 0
einsatzplaner/einsatzplan/service/planner.go:442.2,443.32 2 1
einsatzplaner/einsatzplan/service/planner.go:443.32,444.25 1 0
einsatzplaner/einsatzplan/service/planner.go:444.25,446.4 1 0
einsatzplaner/einsatzplan/service/planner.go:448.2,448.65 1 1
einsatzplaner/einsatzplan/service/planner.go:452.93,455.19 3 1
einsatzplaner/einsatzplan/service/planner.go:455.19,457.3 1 0
einsatzplaner/einsatzplan/service/planner.go:458.2,458.70 1 1
einsatzplaner/einsatzplan/service/planner.go:462.85,465.19 3 1
einsatzplaner/einsatzplan/service/planner.go:465.19,467.3 1 0
einsatzplaner/einsatzplan/service/planner.go:468.2,468.41 1 1
einsatzplaner/einsatzplan/service/planner.go:474.103,477.40 3 1
einsatzplaner/einsatzplan/service/planner.go:477.40,479.3 1 1
einsatzplaner/einsatzplan/service/planner.go:480.2,480.45 1 1
einsatzplaner/einsatzplan/service/planner.go:480.45,482.3 1 0
einsatzplaner/einsatzplan/service/planner.go:483.2,483.62 1 1
einsatzplaner/einsatzplan/service/planner.go:483.62,485.3 1 0
einsatzplaner/einsatzplan/service/planner.go:486.2,487.29 2 1
einsatzplaner/einsatzplan/service/planner.go:487.29,489.3 1 1
einsatzplaner/einsatzplan/service/planner.go:490.2,498.16 4 1
einsatzplaner/einsatzplan/service/planner.go:498.16,504.3 3 1
einsatzplaner/einsatzplan/service/planner.go:504.8,506.3 1 1
einsatzplaner/einsatzplan/service/planner.go:507.2,507.19 1 1
einsatzplaner/einsatzplan/service/planner.go:511.93,514.40 3 1
einsatzplaner/einsatzplan/service/planner.go:514.40,516.3 1 0
einsatzplaner/einsatzplan/service/planner.go:517.2,517.45 1 1
einsatzplaner/einsatzplan/service/planner.go:517.45,519.3 1 0
einsatzplaner/einsatzplan/service/planner.go:520.2,520.62 1 1
einsatzplaner/einsatzplan/service/planner.go:520.62,522.3 1 0
einsatzplaner/einsatzplan/service/planner.go:523.2,524.60 2 1
einsatzplaner/einsatzplan/service/planner.go:524.60,524.84 1 1
einsatzplaner/einsatzplan/service/planner.go:525.2,525.13 1 1
einsatzplaner/einsatzplan/service/planner.go:525.13,527.3 1 1
einsatzplaner/einsatzplan/service/planner.go:528.2,529.29 2 1
einsatzplaner/einsatzplan/service/planner.go:529.29,531.3 1 1
einsatzplaner/einsatzplan/service/planner.go:532.2,539.30 5 1
einsatzplaner/einsatzplan/service/planner.go:539.30,540.37 1 0
einsatzplaner/einsatzplan/service/planner.go:540.37,548.4 1 0
einsatzplaner/einsatzplan/service/planner.go:550.2,550.30 1 1
einsatzplaner/einsatzplan/service/planner.go:550.30,551.37 1 0
einsatzplaner/einsatzplan/service/planner.go:551.37,559.4 1 0
einsatzplaner/einsatzplan/service/planner.go:561.2,561.33 1 1
einsatzplaner/einsatzplan/service/planner.go:561.33,563.3 1 0
einsatzplaner/einsatzplan/service/planner.go:565.2,565.46 1 1
einsatzplaner/einsatzplan/service/planner.go:565.46,572.3 1 1
einsatzplaner/einsatzplan/service/planner.go:576.2,576.33 1 1
einsatzplaner/einsatzplan/service/planner.go:576.33,578.18 2 1
einsatzplaner/einsatzplan/service/planner.go:578.18,581.4 2 1
einsatzplaner/einsatzplan/service/planner.go:581.9,583.4 1 0
einsatzplaner/einsatzplan/service/planner.go:584.3,585.17 2 1
einsatzplaner/einsatzplan/service/planner.go:585.17,589.4 3 0
einsatzplaner/einsatzplan/service/planner.go:589.9,591.4 1 1
einsatzplaner/einsatzplan/service/planner.go:592.3,592.13 1 1
einsatzplaner/einsatzplan/service/planner.go:596.2,597.48 2 1
einsatzplaner/einsatzplan/service/planner.go:597.48,604.3 6 1
einsatzplaner/einsatzplan/service/planner.go:605.2,605.25 1 1
einsatzplaner/einsatzplan/service/planner.go:605.25,607.3 1 0
einsatzplaner/einsatzplan/service/planner.go:608.2,608.25 1 1
einsatzplaner/einsatzplan/service/planner.go:608.25,610.3 1 0
einsatzplaner/einsatzplan/service/planner.go:611.2,611.31 1 1
einsatzplaner/einsatzplan/service/planner.go:611.31,613.3 1 0
einsatzplaner/einsatzplan/service/planner.go:614.2,614.33 1 1
einsatzplaner/einsatzplan/service/planner.go:614.33,616.3 1 1
einsatzplaner/einsatzplan/service/planner.go:617.2,617.60 1 1
einsatzplaner/einsatzplan/service/planner.go:617.60,619.3 1 0
einsatzplaner/einsatzplan/service/planner.go:620.2,620.43 1 1
einsatzplaner/einsatzplan/service/planner.go:620.43,622.3 1 0
einsatzplaner/einsatzplan/service/planner.go:623.2,623.31 1 1
einsatzplaner/einsatzplan/service/planner.go:623.31,625.3 1 1
einsatzplaner/einsatzplan/service/planner.go:626.2,626.16 1 1
einsatzplaner/einsatzplan/service/planner.go:626.16,629.34 3 1
einsatzplaner/einsatzplan/service/planner.go:629.34,631.4 1 0
einsatzplaner/einsatzplan/service/planner.go:632.3,632.34 1 1
einsatzplaner/einsatzplan/service/planner.go:632.34,634.4 1 1
einsatzplaner/einsatzplan/service/planner.go:635.8,637.3 1 1
einsatzplaner/einsatzplan/service/planner.go:638.2,638.12 1 1
einsatzplaner/einsatzplan/service/planner.go:642.92,645.40 3 1
einsatzplaner/einsatzplan/service/planner.go:645.40,647.3 1 0
einsatzplaner/einsatzplan/service/planner.go:648.2,648.45 1 1
einsatzplaner/einsatzplan/service/planner.go:648.45,650.3 1 0
einsatzplaner/einsatzplan/service/planner.go:651.2,652.60 2 1
einsatzplaner/einsatzplan/service/planner.go:652.60,652.86 1 1
einsatzplaner/einsatzplan/service/planner.go:653.2,653.13 1 1
einsatzplaner/einsatzplan/service/planner.go:653.13,655.3 1 0
einsatzplaner/einsatzplan/service/planner.go:656.2,665.16 5 1
einsatzplaner/einsatzplan/service/planner.go:665.16,668.3 2 1
einsatzplaner/einsatzplan/service/planner.go:668.8,670.3 1 1
einsatzplaner/einsatzplan/service/planner.go:671.2,671.12 1 1
einsatzplaner/einsatzplan/service/planner.go:676.114,679.40 3 1
einsatzplaner/einsatzplan/service/planner.go:679.40,681.3 1 0
einsatzplaner/einsatzplan/service/planner.go:682.2,682.45 1 1
einsatzplaner/einsatzplan/service/planner.go:682.45,684.3 1 0
einsatzplaner/einsatzplan/service/planner.go:685.2,685.70 1 1
einsatzplaner/einsatzplan/service/planner.go:685.70,685.97 1 1
einsatzplaner/einsatzplan/service/planner.go:685.99,687.3 1 1
einsatzplaner/einsatzplan/service/planner.go:688.2,689.60 2 1
einsatzplaner/einsatzplan/service/planner.go:689.60,689.86 1 1
einsatzplaner/einsatzplan/service/planner.go:690.2,690.13 1 1
einsatzplaner/einsatzplan/service/planner.go:690.13,692.3 1 0
einsatzplaner/einsatzplan/service/planner.go:693.2,695.49 3 1
einsatzplaner/einsatzplan/service/planner.go:695.49,696.79 1 1
einsatzplaner/einsatzplan/service/planner.go:696.79,696.104 1 1
einsatzplaner/einsatzplan/service/planner.go:697.3,697.33 1 1
einsatzplaner/einsatzplan/service/planner.go:698.8,700.3 1 1
einsatzplaner/einsatzplan/service/planner.go:701.2,709.16 3 1
einsatzplaner/einsatzplan/service/planner.go:709.16,712.3 2 1
einsatzplaner/einsatzplan/service/planner.go:712.8,714.3 1 1
einsatzplaner/einsatzplan/service/planner.go:715.2,715.44 1 1
einsatzplaner/einsatzplan/service/planner.go:721.97,724.40 3 1
einsatzplaner/einsatzplan/service/planner.go:724.40,726.3 1 0
einsatzplaner/einsatzplan/service/planner.go:727.2,727.53 1 1
einsatzplaner/einsatzplan/service/planner.go:727.53,729.3 1 1
einsatzplaner/einsatzplan/service/planner.go:730.2,733.16 4 1
einsatzplaner/einsatzplan/service/planner.go:733.16,735.3 1 1
einsatzplaner/einsatzplan/service/planner.go:735.8,737.3 1 1
einsatzplaner/einsatzplan/service/planner.go:738.2,738.18 1 1
einsatzplaner/einsatzplan/service/planner.go:742.87,745.40 3 1
einsatzplaner/einsatzplan/service/planner.go:745.40,747.3 1 0
einsatzplaner/einsatzplan/service/planner.go:748.2,748.53 1 1
einsatzplaner/einsatzplan/service/planner.go:748.53,750.3 1 0
einsatzplaner/einsatzplan/service/planner.go:751.2,752.70 2 1
einsatzplaner/einsatzplan/service/planner.go:752.70,752.93 1 1
einsatzplaner/einsatzplan/service/planner.go:753.2,753.13 1 1
einsatzplaner/einsatzplan/service/planner.go:753.13,755.3 1 1
einsatzplaner/einsatzplan/service/planner.go:756.2,757.16 2 1
einsatzplaner/einsatzplan/service/planner.go:757.16,759.3 1 0
einsatzplaner/einsatzplan/service/planner.go:759.8,761.3 1 1
einsatzplaner/einsatzplan/service/planner.go:762.2,762.12 1 1
einsatzplaner/einsatzplan/service/planner.go:766.89,769.40 3 1
einsatzplaner/einsatzplan/service/planner.go:769.40,771.3 1 0
einsatzplaner/einsatzplan/service/planner.go:772.2,772.70 1 1
einsatzplaner/einsatzplan/service/planner.go:772.70,772.97 1 1
einsatzplaner/einsatzplan/service/planner.go:773.2,773.13 1 1
einsatzplaner/einsatzplan/service/planner.go:773.13,775.3 1 0
einsatzplaner/einsatzplan/service/planner.go:776.2,777.16 2 1
einsatzplaner/einsatzplan/service/planner.go:777.16,779.3 1 0
einsatzplaner/einsatzplan/service/planner.go:779.8,781.3 1 1
einsatzplaner/einsatzplan/service/planner.go:782.2,782.12 1 1
einsatzplaner/einsatzplan/service/planner.go:786.95,789.40 3 1
einsatzplaner/einsatzplan/service/planner.go:789.40,791.3 1 0
einsatzplaner/einsatzplan/service/planner.go:792.2,792.70 1 1
einsatzplaner/einsatzplan/service/planner.go:792.70,792.97 1 1
einsatzplaner/einsatzplan/service/planner.go:793.2,793.13 1 1
einsatzplaner/einsatzplan/service/planner.go:793.13,795.3 1 1
einsatzplaner/einsatzplan/service/planner.go:796.2,797.16 2 1
einsatzplaner/einsatzplan/service/planner.go:797.16,799.3 1 0
einsatzplaner/einsatzplan/service/planner.go:799.8,801.3 1 1
einsatzplaner/einsatzplan/service/planner.go:802.2,802.12 1 1
einsatzplaner/einsatzplan/service/planner.go:806.83,809.40 3 1
einsatzplaner/einsatzplan/service/planner.go:809.40,811.3 1 0
einsatzplaner/einsatzplan/service/planner.go:812.2,812.70 1 1
einsatzplaner/einsatzplan/service/planner.go:812.70,812.97 1 1
einsatzplaner/einsatzplan/service/planner.go:813.2,813.13 1 1
einsatzplaner/einsatzplan/service/planner.go:813.13,815.3 1 0
einsatzplaner/einsatzplan/service/planner.go:816.2,818.39 2 1
einsatzplaner/einsatzplan/service/planner.go:818.39,820.16 2 1
einsatzplaner/einsatzplan/service/planner.go:820.16,821.12 1 0
einsatzplaner/einsatzplan/service/planner.go:823.3,823.28 1 1
einsatzplaner/einsatzplan/service/planner.go:823.28,824.62 1 1
einsatzplaner/einsatzplan/service/planner.go:824.62,825.13 1 0
einsatzplaner/einsatzplan/service/planner.go:827.4,829.26 1 1
einsatzplaner/einsatzplan/service/planner.go:829.26,829.51 1 1
einsatzplaner/einsatzplan/service/planner.go:831.4,831.18 1 1
einsatzplaner/einsatzplan/service/planner.go:831.18,833.5 1 0
einsatzplaner/einsatzplan/service/planner.go:836.2,836.16 1 1
einsatzplaner/einsatzplan/service/planner.go:836.16,838.3 1 0
einsatzplaner/einsatzplan/service/planner.go:838.8,840.3 1 1
einsatzplaner/einsatzplan/service/planner.go:841.2,841.12 1 1
einsatzplaner/einsatzplan/service/planner.go:847.94,850.40 3 1
einsatzplaner/einsatzplan/service/planner.go:850.40,852.3 1 0
einsatzplaner/einsatzplan/service/planner.go:853.2,854.16 2 1
einsatzplaner/einsatzplan/service/planner.go:854.16,856.3 1 0
einsatzplaner/einsatzplan/service/planner.go:856.8,858.3 1 1
einsatzplaner/einsatzplan/service/planner.go:859.2,859.12 1 1
einsatzplaner/einsatzplan/service/planner.go:864.37,865.29 1 1
einsatzplaner/einsatzplan/service/planner.go:865.29,867.3 1 0
einsatzplaner/einsatzplan/service/planner.go:868.2,868.12 1 1
einsatzplaner/einsatzplan/service/planner.go:873.46,874.19 1 1
einsatzplaner/einsatzplan/service/planner.go:874.19,876.3 1 1
einsatzplaner/einsatzplan/service/planner.go:877.2,877.12 1 1
einsatzplaner/einsatzplan/service/planner.go:882.38,884.2 1 1
einsatzplaner/einsatzplan/service/planner.go:888.68,888.83 1 0
einsatzplaner/einsatzplan/service/planner.go:889.68,889.100 2 0
einsatzplaner/einsatzplan/service/planner.go:891.53,891.70 1 1
einsatzplaner/einsatzplan/service/planner.go:894.45,898.2 3 0
einsatzplaner/einsatzplan/service/planner.go:901.39,905.2 3 0
einsatzplaner/einsatzplan/service/planner.go:907.68,908.16 1 1
einsatzplaner/einsatzplan/service/planner.go:908.16,910.28 2 1
einsatzplaner/einsatzplan/service/planner.go:910.28,911.31 1 1
einsatzplaner/einsatzplan/service/planner.go:911.31,913.5 1 1
einsatzplaner/einsatzplan/service/planner.go:915.3,916.28 2 1
einsatzplaner/einsatzplan/service/planner.go:916.28,917.31 1 1
einsatzplaner/einsatzplan/service/planner.go:917.31,919.5 1 1
einsatzplaner/einsatzplan/service/planner.go:921.3,921.13 1 1
einsatzplaner/einsatzplan/service/planner.go:923.2,923.33 1 1
einsatzplaner/einsatzplan/service/planner.go:923.33,925.3 1 0
einsatzplaner/einsatzplan/service/planner.go:926.2,926.50 1 1
einsatzplaner/einsatzplan/service/planner.go:929.97,931.16 2 1
einsatzplaner/einsatzplan/service/planner.go:931.16,933.3 1 0
einsatzplaner/einsatzplan/service/planner.go:934.2,937.46 4 1
einsatzplaner/einsatzplan/service/planner.go:937.46,939.3 1 0
einsatzplaner/einsatzplan/service/planner.go:940.2,942.38 3 1
einsatzplaner/einsatzplan/service/planner.go:947.53,948.25 1 1
einsatzplaner/einsatzplan/service/planner.go:948.25,950.3 1 0
einsatzplaner/einsatzplan/service/planner.go:951.2,953.37 3 1
einsatzplaner/einsatzplan/service/planner.go:958.76,964.6 4 1
einsatzplaner/einsatzplan/service/planner.go:964.6,965.10 1 1
einsatzplaner/einsatzplan/service/planner.go:966.21,967.10 1 1
einsatzplaner/einsatzplan/service/planner.go:968.19,970.18 2 0
einsatzplaner/einsatzplan/service/planner.go:970.18,971.13 1 0
einsatzplaner/einsatzplan/service/planner.go:973.4,977.63 5 0
einsatzplaner/einsatzplan/service/planner.go:977.63,979.25 2 0
einsatzplaner/einsatzplan/service/planner.go:979.25,981.6 1 0
einsatzplaner/einsatzplan/service/planner.go:989.84,992.18 3 0
einsatzplaner/einsatzplan/service/planner.go:992.18,994.3 1 0
einsatzplaner/einsatzplan/service/planner.go:995.2,995.36 1 0
einsatzplaner/einsatzplan/service/planner.go:1000.98,1001.18 1 0
einsatzplaner/einsatzplan/service/planner.go:1001.18,1003.3 1 0
einsatzplaner/einsatzplan/service/planner.go:1004.2,1010.18 4 0
einsatzplaner/einsatzplan/service/planner.go:1010.18,1012.3 1 0
einsatzplaner/einsatzplan/service/planner.go:1013.2,1014.30 2 0
einsatzplaner/einsatzplan/service/planner.go:1014.30,1016.3 1 0
einsatzplaner/einsatzplan/service/planner.go:1017.2,1017.49 1 0
einsatzplaner/einsatzplan/service/planner.go:1017.49,1019.3 1 0
einsatzplaner/einsatzplan/service/planner.go:1020.2,1021.18 2 0
einsatzplaner/einsatzplan/service/planner.go:1024.67,1032.2 1 1
einsatzplaner/einsatzplan/service/planner.go:1034.39,1036.16 2 1
einsatzplaner/einsatzplan/service/planner.go:1036.16,1038.3 1 0
einsatzplaner/einsatzplan/service/planner.go:1039.2,1039.69 1 1
einsatzplaner/einsatzplan/service/planner.go:1042.33,1044.9 2 1
einsatzplaner/einsatzplan/service/planner.go:1044.9,1046.3 1 0
einsatzplaner/einsatzplan/service/planner.go:1047.2,1048.16 2 1
einsatzplaner/einsatzplan/service/planner.go:1048.16,1050.3 1 0
einsatzplaner/einsatzplan/service/planner.go:1051.2,1052.53 2 1
einsatzplaner/einsatzplan/service/planner.go:1052.53,1054.3 1 0
einsatzplaner/einsatzplan/service/planner.go:1055.2,1055.14 1 1
einsatzplaner/einsatzplan/service/planner.go:1058.38,1060.9 2 1
einsatzplaner/einsatzplan/service/planner.go:1060.9,1062.3 1 0
einsatzplaner/einsatzplan/service/planner.go:1063.2,1065.16 3 1
einsatzplaner/einsatzplan/service/planner.go:1065.16,1067.3 1 0
einsatzplaner/einsatzplan/service/planner.go:1068.2,1068.33 1 1
einsatzplaner/einsatzplan/service/planner.go:1073.58,1077.26 4 1
einsatzplaner/einsatzplan/service/planner.go:1077.26,1078.32 1 1
einsatzplaner/einsatzplan/service/planner.go:1078.32,1080.4 1 1
einsatzplaner/einsatzplan/service/planner.go:1082.2,1082.31 1 1
einsatzplaner/einsatzplan/service/planner.go:1082.31,1084.3 1 1
einsatzplaner/einsatzplan/service/planner.go:1085.2,1085.12 1 1
einsatzplaner/einsatzplan/service/planner.go:1095.102,1098.40 2 0
einsatzplaner/einsatzplan/service/planner.go:1098.40,1101.3 2 0
einsatzplaner/einsatzplan/service/planner.go:1102.2,1102.18 1 0
einsatzplaner/einsatzplan/service/planner.go:1102.18,1105.3 2 0
einsatzplaner/einsatzplan/service/planner.go:1106.2,1117.18 8 0
einsatzplaner/einsatzplan/service/planner.go:1117.18,1119.3 1 0
einsatzplaner/einsatzplan/service/planner.go:1120.2,1121.30 2 0
einsatzplaner/einsatzplan/service/planner.go:1121.30,1123.3 1 0
einsatzplaner/einsatzplan/service/planner.go:1124.2,1124.55 1 0
einsatzplaner/einsatzplan/service/planner.go:1124.55,1126.3 1 0
einsatzplaner/einsatzplan/service/planner.go:1127.2,1127.50 1 0
einsatzplaner/einsatzplan/service/planner.go:1130.75,1131.23 1 0
einsatzplaner/einsatzplan/service/planner.go:1131.23,1133.10 1 0
einsatzplaner/einsatzplan/service/planner.go:1134.9,1136.33 3 0
einsatzplaner/einsatzplan/service/planner.go:1136.33,1137.30 1 0
einsatzplaner/einsatzplan/service/planner.go:1137.30,1139.18 1 0
einsatzplaner/einsatzplan/service/planner.go:1141.9,1141.34 1 0
einsatzplaner/einsatzplan/service/planner_cloud.go:31.72,34.2 2 0
einsatzplaner/einsatzplan/service/planner_cloud.go:37.69,39.2 1 1
einsatzplaner/einsatzplan/service/planner_cloud.go:49.72,61.18 4 1
einsatzplaner/einsatzplan/service/planner_cloud.go:61.18,62.78 1 1
einsatzplaner/einsatzplan/service/planner_cloud.go:62.78,64.4 1 1
einsatzplaner/einsatzplan/service/planner_cloud.go:67.2,67.11 1 1
einsatzplaner/einsatzplan/service/planner_cloud.go:71.93,72.35 1 1
einsatzplaner/einsatzplan/service/planner_cloud.go:72.35,74.3 1 1
einsatzplaner/einsatzplan/service/planner_cloud.go:76.2,80.25 4 1
einsatzplaner/einsatzplan/service/planner_cloud.go:80.25,83.3 2 1
einsatzplaner/einsatzplan/service/planner_cloud.go:84.2,87.14 3 1
einsatzplaner/einsatzplan/service/planner_cloud.go:87.14,89.3 1 1
einsatzplaner/einsatzplan/service/planner_cloud.go:90.2,90.12 1 1
einsatzplaner/einsatzplan/service/planner_cloud.go:94.67,101.2 6 1
einsatzplaner/einsatzplan/service/planner_cloud.go:104.98,110.2 5 1
einsatzplaner/einsatzplan/service/planner_cloud.go:113.112,115.19 2 1
einsatzplaner/einsatzplan/service/planner_cloud.go:115.19,118.3 2 1
einsatzplaner/einsatzplan/service/planner_cloud.go:119.2,121.22 2 1
einsatzplaner/einsatzplan/service/planner_cloud.go:121.22,123.3 1 0
einsatzplaner/einsatzplan/service/planner_cloud.go:127.104,130.46 3 1
einsatzplaner/einsatzplan/service/planner_cloud.go:130.46,132.3 1 1
einsatzplaner/einsatzplan/service/planner_cloud.go:133.2,134.15 2 1
einsatzplaner/einsatzplan/service/planner_cloud.go:134.15,136.3 1 0
einsatzplaner/einsatzplan/service/planner_cloud.go:138.2,138.14 1 1
einsatzplaner/einsatzplan/service/planner_cloud.go:138.14,139.70 1 1
einsatzplaner/einsatzplan/service/planner_cloud.go:139.70,139.94 1 1
einsatzplaner/einsatzplan/service/planner_cloud.go:140.8,143.39 1 1
einsatzplaner/einsatzplan/service/planner_cloud.go:143.39,144.34 1 1
einsatzplaner/einsatzplan/service/planner_cloud.go:144.34,145.13 1 1
einsatzplaner/einsatzplan/service/planner_cloud.go:147.4,147.77 1 1
einsatzplaner/einsatzplan/service/planner_cloud.go:147.77,147.101 1 1
einsatzplaner/einsatzplan/service/planner_cloud.go:149.3,150.31 2 1
einsatzplaner/einsatzplan/service/planner_cloud.go:150.31,151.21 1 1
einsatzplaner/einsatzplan/service/planner_cloud.go:151.21,154.10 3 1
einsatzplaner/einsatzplan/service/planner_cloud.go:157.3,157.13 1 1
einsatzplaner/einsatzplan/service/planner_cloud.go:157.13,159.4 1 1
einsatzplaner/einsatzplan/service/planner_cloud.go:162.2,162.22 1 1
einsatzplaner/einsatzplan/service/planner_cloud.go:162.22,169.15 3 1
einsatzplaner/einsatzplan/service/planner_cloud.go:169.15,171.4 1 0
einsatzplaner/einsatzplan/service/planner_cloud.go:172.3,173.61 2 1
einsatzplaner/einsatzplan/service/planner_cloud.go:178.76,181.19 3 1
einsatzplaner/einsatzplan/service/planner_cloud.go:181.19,183.3 1 1
einsatzplaner/einsatzplan/service/planner_cloud.go:184.2,185.16 2 1
einsatzplaner/einsatzplan/service/planner_cloud.go:185.16,187.3 1 0
einsatzplaner/einsatzplan/service/planner_cloud.go:188.2,188.23 1 1
einsatzplaner/einsatzplan/service/planner_cloud.go:194.157,197.24 2 1
einsatzplaner/einsatzplan/service/planner_cloud.go:197.24,198.58 1 1
einsatzplaner/einsatzplan/service/planner_cloud.go:198.58,200.4 1 1
einsatzplaner/einsatzplan/service/planner_cloud.go:204.2,209.25 6 1
einsatzplaner/einsatzplan/service/planner_cloud.go:209.25,212.3 2 0
einsatzplaner/einsatzplan/service/planner_cloud.go:213.2,217.18 3 1
einsatzplaner/einsatzplan/service/planner_cloud.go:221.69,222.36 1 1
einsatzplaner/einsatzplan/service/planner_cloud.go:222.36,224.3 1 1
einsatzplaner/einsatzplan/service/planner_cloud.go:232.71,233.36 1 1
einsatzplaner/einsatzplan/service/planner_cloud.go:233.36,235.3 1 1
einsatzplaner/einsatzplan/service/planner_cloud.go:237.59,238.36 1 1
einsatzplaner/einsatzplan/service/planner_cloud.go:238.36,240.3 1 1
einsatzplaner/einsatzplan/service/planner_cloud.go:244.63,245.36 1 1
einsatzplaner/einsatzplan/service/planner_cloud.go:245.36,247.3 1 1
einsatzplaner/einsatzplan/service/planner_cloud.go:251.61,252.36 1 0
einsatzplaner/einsatzplan/service/planner_cloud.go:252.36,254.3 1 0
einsatzplaner/einsatzplan/service/planner_cloud.go:260.52,261.22 1 0
einsatzplaner/einsatzplan/service/planner_cloud.go:261.22,263.3 1 0
einsatzplaner/einsatzplan/service/planner_cloud.go:267.46,268.53 1 0
einsatzplaner/einsatzplan/service/planner_cloud.go:268.53,270.3 1 0
einsatzplaner/einsatzplan/service/planner_cloud.go:272.74,273.36 1 1
einsatzplaner/einsatzplan/service/planner_cloud.go:273.36,275.3 1 1
einsatzplaner/einsatzplan/service/planner_cloud.go:277.92,278.36 1 1
einsatzplaner/einsatzplan/service/planner_cloud.go:278.36,280.3 1 1
